This is pdfTeX, Version 3.141592653-2.6-1.40.29 (TeX Live 2026) (preloaded format=pdflatex 2026.3.15)  27 MAY 2026 18:07
entering extended mode
 restricted \write18 enabled.
 %&-line parsing enabled.
**Report.tex
(./Report.tex
LaTeX2e <2025-11-01>
L3 programming layer <2026-01-19>
(/home/lambo-genie/.TinyTeX/texmf-dist/tex/latex/base/article.cls
Document Class: article 2025/01/22 v1.4n Standard LaTeX document class
(/home/lambo-genie/.TinyTeX/texmf-dist/tex/latex/base/size10.clo
File: size10.clo 2025/01/22 v1.4n Standard LaTeX file (size option)
)
\c@part=\count275
\c@section=\count276
\c@subsection=\count277
\c@subsubsection=\count278
\c@paragraph=\count279
\c@subparagraph=\count280
\c@figure=\count281
\c@table=\count282
\abovecaptionskip=\skip49
\belowcaptionskip=\skip50
\bibindent=\dimen148
) (/home/lambo-genie/.TinyTeX/texmf-dist/tex/latex/natbib/natbib.sty
Package: natbib 2010/09/13 8.31b (PWD, AO)
\bibhang=\skip51
\bibsep=\skip52
LaTeX Info: Redefining \cite on input line 694.
\c@NAT@ctr=\count283
) (/home/lambo-genie/.TinyTeX/texmf-dist/tex/latex/amsmath/amsmath.sty
Package: amsmath 2025/07/09 v2.17z AMS math features
\@mathmargin=\skip53

For additional information on amsmath, use the `?' option.
(/home/lambo-genie/.TinyTeX/texmf-dist/tex/latex/amsmath/amstext.sty
Package: amstext 2024/11/17 v2.01 AMS text
 (/home/lambo-genie/.TinyTeX/texmf-dist/tex/latex/amsmath/amsgen.sty
File: amsgen.sty 1999/11/30 v2.0 generic functions
\@emptytoks=\toks17
\ex@=\dimen149
)) (/home/lambo-genie/.TinyTeX/texmf-dist/tex/latex/amsmath/amsbsy.sty
Package: amsbsy 1999/11/29 v1.2d Bold Symbols
\pmbraise@=\dimen150
) (/home/lambo-genie/.TinyTeX/texmf-dist/tex/latex/amsmath/amsopn.sty
Package: amsopn 2022/04/08 v2.04 operator names
)
\inf@bad=\count284
LaTeX Info: Redefining \frac on input line 233.
\uproot@=\count285
\leftroot@=\count286
LaTeX Info: Redefining \overline on input line 398.
LaTeX Info: Redefining \colon on input line 409.
\classnum@=\count287
\DOTSCASE@=\count288
LaTeX Info: Redefining \ldots on input line 495.
LaTeX Info: Redefining \dots on input line 498.
LaTeX Info: Redefining \cdots on input line 619.
\Mathstrutbox@=\box53
\strutbox@=\box54
LaTeX Info: Redefining \big on input line 721.
LaTeX Info: Redefining \Big on input line 722.
LaTeX Info: Redefining \bigg on input line 723.
LaTeX Info: Redefining \Bigg on input line 724.
\big@size=\dimen151
LaTeX Font Info:    Redeclaring font encoding OML on input line 742.
LaTeX Font Info:    Redeclaring font encoding OMS on input line 743.
\macc@depth=\count289
LaTeX Info: Redefining \bmod on input line 904.
LaTeX Info: Redefining \pmod on input line 909.
LaTeX Info: Redefining \smash on input line 939.
LaTeX Info: Redefining \relbar on input line 969.
LaTeX Info: Redefining \Relbar on input line 970.
\c@MaxMatrixCols=\count290
\dotsspace@=\muskip17
\c@parentequation=\count291
\dspbrk@lvl=\count292
\tag@help=\toks18
\row@=\count293
\column@=\count294
\maxfields@=\count295
\andhelp@=\toks19
\eqnshift@=\dimen152
\alignsep@=\dimen153
\tagshift@=\dimen154
\tagwidth@=\dimen155
\totwidth@=\dimen156
\lineht@=\dimen157
\@envbody=\toks20
\multlinegap=\skip54
\multlinetaggap=\skip55
\mathdisplay@stack=\toks21
LaTeX Info: Redefining \[ on input line 2950.
LaTeX Info: Redefining \] on input line 2951.
) (/home/lambo-genie/.TinyTeX/texmf-dist/tex/latex/amsfonts/amssymb.sty
Package: amssymb 2013/01/14 v3.01 AMS font symbols
 (/home/lambo-genie/.TinyTeX/texmf-dist/tex/latex/amsfonts/amsfonts.sty
Package: amsfonts 2013/01/14 v3.01 Basic AMSFonts support
\symAMSa=\mathgroup4
\symAMSb=\mathgroup5
LaTeX Font Info:    Redeclaring math symbol \hbar on input line 98.
LaTeX Font Info:    Overwriting math alphabet `\mathfrak' in version `bold'
(Font)                  U/euf/m/n --> U/euf/b/n on input line 106.
)) (/home/lambo-genie/.TinyTeX/texmf-dist/tex/latex/graphics/graphicx.sty
Package: graphicx 2024/12/31 v1.2e Enhanced LaTeX Graphics (DPC,SPQR)
 (/home/lambo-genie/.TinyTeX/texmf-dist/tex/latex/graphics/keyval.sty
Package: keyval 2022/05/29 v1.15 key=value parser (DPC)
\KV@toks@=\toks22
) (/home/lambo-genie/.TinyTeX/texmf-dist/tex/latex/graphics/graphics.sty
Package: graphics 2024/08/06 v1.4g Standard LaTeX Graphics (DPC,SPQR)
 (/home/lambo-genie/.TinyTeX/texmf-dist/tex/latex/graphics/trig.sty
Package: trig 2023/12/02 v1.11 sin cos tan (DPC)
) (/home/lambo-genie/.TinyTeX/texmf-dist/tex/latex/graphics-cfg/graphics.cfg
File: graphics.cfg 2016/06/04 v1.11 sample graphics configuration
)
Package graphics Info: Driver file: pdftex.def on input line 106.
 (/home/lambo-genie/.TinyTeX/texmf-dist/tex/latex/graphics-def/pdftex.def
File: pdftex.def 2025/09/29 v1.2d Graphics/color driver for pdftex
))
\Gin@req@height=\dimen158
\Gin@req@width=\dimen159
) (/home/lambo-genie/.TinyTeX/texmf-dist/tex/latex/l3backend/l3backend-pdftex.def
File: l3backend-pdftex.def 2025-10-09 L3 backend support: PDF output (pdfTeX)
\l__color_backend_stack_int=\count296
) (./Report.aux)
\openout1 = `Report.aux'.

LaTeX Font Info:    Checking defaults for OML/cmm/m/it on input line 16.
LaTeX Font Info:    ... okay on input line 16.
LaTeX Font Info:    Checking defaults for OMS/cmsy/m/n on input line 16.
LaTeX Font Info:    ... okay on input line 16.
LaTeX Font Info:    Checking defaults for OT1/cmr/m/n on input line 16.
LaTeX Font Info:    ... okay on input line 16.
LaTeX Font Info:    Checking defaults for T1/cmr/m/n on input line 16.
LaTeX Font Info:    ... okay on input line 16.
LaTeX Font Info:    Checking defaults for TS1/cmr/m/n on input line 16.
LaTeX Font Info:    ... okay on input line 16.
LaTeX Font Info:    Checking defaults for OMX/cmex/m/n on input line 16.
LaTeX Font Info:    ... okay on input line 16.
LaTeX Font Info:    Checking defaults for U/cmr/m/n on input line 16.
LaTeX Font Info:    ... okay on input line 16.
 (/home/lambo-genie/.TinyTeX/texmf-dist/tex/latex/epstopdf-pkg/epstopdf-base.sty
Package: epstopdf-base 2020-01-24 v2.11 Base part for package epstopdf
Package epstopdf-base Info: Redefining graphics rule for `.eps' on input line 485.
 (/home/lambo-genie/.TinyTeX/texmf-dist/tex/latex/latexconfig/epstopdf-sys.cfg
File: epstopdf-sys.cfg 2010/07/13 v1.3 Configuration of (r)epstopdf for TeX Live
))
LaTeX Font Info:    Trying to load font information for U+msa on input line 21.
 (/home/lambo-genie/.TinyTeX/texmf-dist/tex/latex/amsfonts/umsa.fd
File: umsa.fd 2013/01/14 v3.01 AMS symbols A
)
LaTeX Font Info:    Trying to load font information for U+msb on input line 21.
 (/home/lambo-genie/.TinyTeX/texmf-dist/tex/latex/amsfonts/umsb.fd
File: umsb.fd 2013/01/14 v3.01 AMS symbols B
) [1

{/home/lambo-genie/.TinyTeX/texmf-var/fonts/map/pdftex/updmap/pdftex.map}] [2]

Package natbib Warning: Citation `becker' on page 3 undefined on input line 109.

[3] [4]
<figs/productivity_priors_panel.png, id=31, 469.755pt x 650.43pt>
File: figs/productivity_priors_panel.png Graphic file (type png)
<use figs/productivity_priors_panel.png>
Package pdftex.def Info: figs/productivity_priors_panel.png  used on input line 149.
(pdftex.def)             Requested size: 345.0pt x 477.68813pt.
 [5] [6 <./figs/productivity_priors_panel.png>]
<model_timeline.pdf, id=47, 597.50829pt x 845.0471pt>
File: model_timeline.pdf Graphic file (type pdf)
<use model_timeline.pdf>
Package pdftex.def Info: model_timeline.pdf  used on input line 212.
(pdftex.def)             Requested size: 345.0pt x 237.36671pt.
 [7]
<figs/productivity_priors_defaults_by_group.png, id=53, 469.755pt x 361.35pt>
File: figs/productivity_priors_defaults_by_group.png Graphic file (type png)
<use figs/productivity_priors_defaults_by_group.png>
Package pdftex.def Info: figs/productivity_priors_defaults_by_group.png  used on input line 226.
(pdftex.def)             Requested size: 345.0pt x 265.3823pt.

Underfull \hbox (badness 10000) in paragraph at lines 227--227
[]\OT1/cmr/m/n/10 Figure 3: Ini-tial pri-ors for each firm for groups i, j.
 []


Overfull \hbox (22.59209pt too wide) in paragraph at lines 227--227
[] \OT1/cmr/m/n/10 ; []$ 
 []

[8 <./model_timeline.pdf>] [9 <./figs/productivity_priors_defaults_by_group.png>] (./Report.bbl
Underfull \hbox (badness 10000) in paragraph at lines 28--33
[]\OT1/cmr/m/n/10 Louis-Pierre Lep-age.  Experience-based dis-crim-i-na-tion.  \OT1/cmr/m/it/10 Amer-
 []


Underfull \hbox (badness 10000) in paragraph at lines 28--33
\OT1/cmr/m/it/10 i-can Eco-nomic Jour-nal: Ap-plied Eco-nomics\OT1/cmr/m/n/10 , 16(4):288{321,
 []


Underfull \hbox (badness 10000) in paragraph at lines 28--33
\OT1/cmr/m/n/10 Oc-to-ber 2024.  doi: 10.1257/app.20220466.  URL
 []


Underfull \hbox (badness 3029) in paragraph at lines 35--40
\OT1/cmr/m/n/10 plo-ration.  (27736), Au-gust 2020.  doi: 10.3386/w27736.  URL
 []

[10]
Underfull \hbox (badness 2865) in paragraph at lines 42--47
[]\OT1/cmr/m/n/10 Shelly J. Lund-berg and Richard Startz.  Pri-vate dis-crim-i-na-tion and
 []


Underfull \hbox (badness 6559) in paragraph at lines 42--47
\OT1/cmr/m/n/10 so-cial in-ter-ven-tion in com-pet-i-tive la-bor mar-ket.  \OT1/cmr/m/it/10 The Amer-i-can
 []


Underfull \hbox (badness 5217) in paragraph at lines 42--47
\OT1/cmr/m/it/10 Eco-nomic Re-view\OT1/cmr/m/n/10 , 73(3):340--347, 1983.  ISSN 00028282.  URL
 []


Underfull \hbox (badness 6236) in paragraph at lines 49--54
[]\OT1/cmr/m/n/10 Kevin P. Mur-phy.  \OT1/cmr/m/it/10 Prob-a-bilis-tic Ma-chine Learn-ing: An In-tro-duc-
 []


Underfull \hbox (badness 5133) in paragraph at lines 49--54
\OT1/cmr/m/it/10 tion\OT1/cmr/m/n/10 .  Adap-tive Com-pu-ta-tion and Ma-chine Learn-ing se-ries. MIT
 []


Underfull \hbox (badness 10000) in paragraph at lines 70--75
[]\OT1/cmr/m/n/10 Andr^^Ses Ram^^S^^Prez-Hassan.  \OT1/cmr/m/it/10 In-tro-duc-tion to Bayesian Econo-
 []


Underfull \hbox (badness 10000) in paragraph at lines 70--75
\OT1/cmr/m/it/10 met-rics: A GUIded Toolkit Us-ing R\OT1/cmr/m/n/10 .  2023.  URL
 []


Overfull \hbox (156.02354pt too wide) in paragraph at lines 70--75
\OT1/cmtt/m/n/10 https://andresramirezhassan-introduction-bayesian-econometrics-gui.share.connect.posit.cloud/\OT1/cmr/m/n/10 .
 []

) [11] [12]

Package natbib Warning: There were undefined citations.

[13] (./Report.aux)
 ***********
LaTeX2e <2025-11-01>
L3 programming layer <2026-01-19>
 ***********
 ) 
Here is how much of TeX's memory you used:
 2690 strings out of 469515
 39111 string characters out of 5469773
 447756 words of memory out of 5000000
 31332 multiletter control sequences out of 15000+600000
 637945 words of font info for 79 fonts, out of 8000000 for 9000
 14 hyphenation exceptions out of 8191
 57i,10n,65p,1344b,262s stack positions out of 10000i,1000n,20000p,200000b,200000s
</home/lambo-genie/.TinyTeX/texmf-dist/fonts/type1/public/amsfonts/cm/cmbx10.pfb></home/lambo-genie/.TinyTeX/texmf-dist/fonts/type1/public/amsfonts/cm/cmbx12.pfb></home/lambo-genie/.TinyTeX/texmf-dist/fonts/type1/public/amsfonts/cm/cmbx9.pfb></home/lambo-genie/.TinyTeX/texmf-dist/fonts/type1/public/amsfonts/cm/cmex10.pfb></home/lambo-genie/.TinyTeX/texmf-dist/fonts/type1/public/amsfonts/cm/cmmi10.pfb></home/lambo-genie/.TinyTeX/texmf-dist/fonts/type1/public/amsfonts/cm/cmmi12.pfb></home/lambo-genie/.TinyTeX/texmf-dist/fonts/type1/public/amsfonts/cm/cmmi5.pfb></home/lambo-genie/.TinyTeX/texmf-dist/fonts/type1/public/amsfonts/cm/cmmi6.pfb></home/lambo-genie/.TinyTeX/texmf-dist/fonts/type1/public/amsfonts/cm/cmmi7.pfb></home/lambo-genie/.TinyTeX/texmf-dist/fonts/type1/public/amsfonts/cm/cmmi8.pfb></home/lambo-genie/.TinyTeX/texmf-dist/fonts/type1/public/amsfonts/cm/cmr10.pfb></home/lambo-genie/.TinyTeX/texmf-dist/fonts/type1/public/amsfonts/cm/cmr12.pfb></home/lambo-genie/.TinyTeX/texmf-dist/fonts/type1/public/amsfonts/cm/cmr17.pfb></home/lambo-genie/.TinyTeX/texmf-dist/fonts/type1/public/amsfonts/cm/cmr5.pfb></home/lambo-genie/.TinyTeX/texmf-dist/fonts/type1/public/amsfonts/cm/cmr7.pfb></home/lambo-genie/.TinyTeX/texmf-dist/fonts/type1/public/amsfonts/cm/cmr8.pfb></home/lambo-genie/.TinyTeX/texmf-dist/fonts/type1/public/amsfonts/cm/cmr9.pfb></home/lambo-genie/.TinyTeX/texmf-dist/fonts/type1/public/amsfonts/cm/cmsy10.pfb></home/lambo-genie/.TinyTeX/texmf-dist/fonts/type1/public/amsfonts/cm/cmsy6.pfb></home/lambo-genie/.TinyTeX/texmf-dist/fonts/type1/public/amsfonts/cm/cmsy7.pfb></home/lambo-genie/.TinyTeX/texmf-dist/fonts/type1/public/amsfonts/cm/cmsy8.pfb></home/lambo-genie/.TinyTeX/texmf-dist/fonts/type1/public/amsfonts/cm/cmti10.pfb></home/lambo-genie/.TinyTeX/texmf-dist/fonts/type1/public/amsfonts/cm/cmti8.pfb></home/lambo-genie/.TinyTeX/texmf-dist/fonts/type1/public/amsfonts/cm/cmtt10.pfb></home/lambo-genie/.TinyTeX/texmf-dist/fonts/type1/public/amsfonts/symbols/msbm10.pfb>
Output written on Report.pdf (13 pages, 943574 bytes).
PDF statistics:
 210 PDF objects out of 1000 (max. 8388607)
 131 compressed objects within 2 object streams
 0 named destinations out of 1000 (max. 500000)
 34 words of extra memory for PDF output out of 10000 (max. 10000000)

